// Jest Snapshot v1, https://goo.gl/fbAQLP

exports[`<ContextMenu /> Should render and match the snapshot 1`] = `
<div
  class="sc-AykKC fnZNYC"
>
  <button
    aria-expanded="false"
    aria-haspopup="listbox"
    aria-labelledby="downshift-4-label downshift-4-toggle-button"
    class="sc-AykKF gvJIvP"
    id="downshift-4-toggle-button"
  >
    <svg>
      more.svg
    </svg>
  </button>
  <ul
    aria-labelledby="downshift-4-label"
    class="sc-AykKD hcHMvH"
    id="downshift-4-menu"
    role="listbox"
    tabindex="-1"
  />
</div>
`;
